2026-09-23T10:00:00Z INFO démarrage du sondeur
2026-09-23T10:00:01Z INFO requête servie
2026-09-23T10:00:02Z DEBUG connexion db1:5432 ouverte
2026-09-23T10:00:03Z INFO requête servie
2026-09-23T10:00:04Z WARN réponse lente web1
2026-09-23T10:00:05Z INFO requête servie
2026-09-23T10:00:06Z ERROR connexion refusée db1:5432
2026-09-23T10:00:07Z INFO requête servie
2026-09-23T10:00:08Z WARN réponse lente web1
2026-09-23T10:00:09Z INFO requête servie
2026-09-23T10:00:10Z ERROR connexion refusée db1:5432
2026-09-23T10:00:11Z INFO requête servie
2026-09-23T10:00:12Z WARN disque à 85 % sur /var/lib/postgresql
2026-09-23T10:00:13Z INFO requête servie
2026-09-23T10:00:14Z ERROR connexion refusée db1:5432
2026-09-23T10:00:15Z INFO requête servie
2026-09-23T10:00:16Z WARN réponse lente web1
2026-09-23T10:00:17Z DEBUG connexion db1:5432 fermée
2026-09-23T10:00:18Z INFO requête servie
2026-09-23T10:00:19Z ERROR connexion refusée db1:5432
2026-09-23T10:00:20Z INFO requête servie
2026-09-23T10:00:21Z WARN réponse lente web1
2026-09-23T10:00:22Z INFO tour de sonde terminé
2026-09-23T10:00:23Z ERROR disque plein /var/lib/postgresql
2026-09-23T10:00:24Z INFO requête servie
2026-09-23T10:00:25Z WARN disque à 85 % sur /var/lib/postgresql
2026-09-23T10:00:26Z ERROR connexion refusée db1:5432
2026-09-23T10:00:27Z INFO tour de sonde terminé
2026-09-23T10:00:28Z WARN réponse lente web1
2026-09-23T10:00:29Z INFO arrêt du sondeur
